DEBUG - 2024-01-18 18:29:37,961 - This is a debug message
INFO - 2024-01-18 18:29:37,961 - This is an info message
WARNING - 2024-01-18 18:29:37,961 - This is a warning message
ERROR - 2024-01-18 18:29:37,961 - This is an error message
CRITICAL - 2024-01-18 18:29:37,961 - This is a critical message
DEBUG - 2024-01-18 18:33:10,717 - This is a debug message
INFO - 2024-01-18 18:33:10,717 - This is an info message
WARNING - 2024-01-18 18:33:10,717 - This is a warning message
ERROR - 2024-01-18 18:33:10,717 - This is an error message
CRITICAL - 2024-01-18 18:33:10,718 - This is a critical message
DEBUG - 2024-01-18 18:35:42,655 - This is a debug message
INFO - 2024-01-18 18:35:42,656 - This is an info message
WARNING - 2024-01-18 18:35:42,656 - This is a warning message
ERROR - 2024-01-18 18:35:42,656 - This is an error message
CRITICAL - 2024-01-18 18:35:42,656 - This is a critical message
INFO - 2024-01-18 18:42:55,106 - Virtual agent Lexi       @ channel 400. Service started. 
INFO - 2024-01-18 18:42:56,212 - Virtual agent Clarisa    @ channel 402. Service started. 
INFO - 2024-01-18 18:42:57,342 - Virtual agent Robert     @ channel 401. Service started. 
INFO - 2024-01-18 18:42:58,466 - Virtual agent Vicky      @ channel 403. Service started. 
INFO - 2024-01-18 18:43:06,196 - Listening to messages from backend. 
INFO - 2024-01-18 18:44:03,084 - Virtual agent Lexi       @ channel 400. Service started. 
INFO - 2024-01-18 18:44:04,133 - Virtual agent Clarisa    @ channel 402. Service started. 
INFO - 2024-01-18 18:44:05,319 - Virtual agent Robert     @ channel 401. Service started. 
INFO - 2024-01-18 18:44:06,451 - Virtual agent Vicky      @ channel 403. Service started. 
INFO - 2024-01-18 18:44:14,171 - Listening to messages from backend. 
INFO - 2024-01-18 18:44:40,457 - Virtual agent Lexi       @ channel 400. Service started. 
INFO - 2024-01-18 18:44:41,571 - Virtual agent Clarisa    @ channel 402. Service started. 
INFO - 2024-01-18 18:44:42,694 - Virtual agent Robert     @ channel 401. Service started. 
INFO - 2024-01-18 18:44:44,855 - Virtual agent Vicky      @ channel 403. Service started. 
INFO - 2024-01-18 18:44:53,367 - Listening to messages from backend. 
INFO - 2024-01-18 18:48:00,914 - Virtual agent Lexi       @ channel 400. Service started. 
INFO - 2024-01-18 18:48:01,993 - Virtual agent Clarisa    @ channel 402. Service started. 
INFO - 2024-01-18 18:48:03,936 - Virtual agent Robert     @ channel 401. Service started. 
INFO - 2024-01-18 18:48:05,068 - Virtual agent Vicky      @ channel 403. Service started. 
INFO - 2024-01-18 18:48:05,195 - Listening to messages from backend. 
DEBUG - 2024-01-18 18:53:20,738 - This is a debug message
INFO - 2024-01-18 18:53:20,738 - This is an info message
WARNING - 2024-01-18 18:53:20,738 - This is a warning message
ERROR - 2024-01-18 18:53:20,738 - This is an error message
CRITICAL - 2024-01-18 18:53:20,740 - This is a critical message
DEBUG - 2024-01-18 18:53:42,631 - This is a debug message
INFO - 2024-01-18 18:53:42,631 - This is an info message
WARNING - 2024-01-18 18:53:42,632 - This is a warning message
ERROR - 2024-01-18 18:53:42,632 - This is an error message
CRITICAL - 2024-01-18 18:53:42,632 - This is a critical message
